2026-05-15 06:02:44,776 - __main__ - INFO - ============================================================
2026-05-15 06:02:44,776 - __main__ - INFO - T7 深度信号采集 - 手动运行
2026-05-15 06:02:44,776 - __main__ - INFO - 开始时间：2026-05-15T06:02:44.776366
2026-05-15 06:02:44,776 - __main__ - INFO - ============================================================
2026-05-15 06:02:51,530 - __main__ - INFO - ============================================================
2026-05-15 06:02:51,530 - __main__ - INFO - T7 深度信号采集 - 手动运行
2026-05-15 06:02:51,530 - __main__ - INFO - 开始时间：2026-05-15T06:02:51.530849
2026-05-15 06:02:51,530 - __main__ - INFO - ============================================================
2026-05-15 06:02:52,050 - backend.services.llm_client - INFO - 模型配置加载完成: 2 个 provider, 11 个可用模型 (支持 .env 动态覆盖)
2026-05-15 06:02:52,211 - __main__ - INFO - 
【Step 1】开始热榜采集...
2026-05-15 06:02:52,211 - backend.services.signal.scheduler - INFO - SignalScheduler: 开始热榜爬取
2026-05-15 06:02:52,596 - httpx - INFO - HTTP Request: GET https://newsnow.busiyi.world/api/s?id=weibo&latest= "HTTP/1.1 200 OK"
2026-05-15 06:02:52,767 - httpx - INFO - HTTP Request: GET https://newsnow.busiyi.world/api/s?id=baidu&latest= "HTTP/1.1 200 OK"
2026-05-15 06:02:52,996 - httpx - INFO - HTTP Request: GET https://newsnow.busiyi.world/api/s?id=bilibili-hot-search&latest= "HTTP/1.1 200 OK"
2026-05-15 06:02:53,089 - httpx - INFO - HTTP Request: GET https://newsnow.busiyi.world/api/s?id=zhihu&latest= "HTTP/1.1 200 OK"
2026-05-15 06:02:53,126 - httpx - INFO - HTTP Request: GET https://newsnow.busiyi.world/api/s?id=douyin&latest= "HTTP/1.1 200 OK"
2026-05-15 06:02:53,228 - httpx - INFO - HTTP Request: GET https://newsnow.busiyi.world/api/s?id=tieba&latest= "HTTP/1.1 200 OK"
2026-05-15 06:02:53,368 - httpx - INFO - HTTP Request: GET https://newsnow.busiyi.world/api/s?id=thepaper&latest= "HTTP/1.1 200 OK"
2026-05-15 06:02:53,395 - httpx - INFO - HTTP Request: GET https://newsnow.busiyi.world/api/s?id=toutiao&latest= "HTTP/1.1 200 OK"
2026-05-15 06:02:53,592 - httpx - INFO - HTTP Request: GET https://newsnow.busiyi.world/api/s?id=cls-hot&latest= "HTTP/1.1 200 OK"
2026-05-15 06:02:53,679 - httpx - INFO - HTTP Request: GET https://newsnow.busiyi.world/api/s?id=ifeng&latest= "HTTP/1.1 200 OK"
2026-05-15 06:02:53,689 - httpx - INFO - HTTP Request: GET https://newsnow.busiyi.world/api/s?id=wallstreetcn-hot&latest= "HTTP/1.1 200 OK"
2026-05-15 06:02:53,791 - httpx - INFO - HTTP Request: GET https://newsnow.busiyi.world/api/s?id=xiaohongshu&latest= "HTTP/1.1 500 Internal Server Error"
2026-05-15 06:02:53,791 - backend.services.signal.fetcher - WARNING - HotlistFetcher: xiaohongshu 返回HTTP 500 (attempt 1/3)
2026-05-15 06:02:53,792 - backend.services.signal.fetcher - INFO - HotlistFetcher: xiaohongshu 等待 3.3s 后重试
2026-05-15 06:02:53,942 - httpx - INFO - HTTP Request: GET https://newsnow.busiyi.world/api/s?id=kuaishou&latest= "HTTP/1.1 500 Internal Server Error"
2026-05-15 06:02:53,942 - backend.services.signal.fetcher - WARNING - HotlistFetcher: kuaishou 返回HTTP 500 (attempt 1/3)
2026-05-15 06:02:53,943 - backend.services.signal.fetcher - INFO - HotlistFetcher: kuaishou 等待 4.8s 后重试
2026-05-15 06:02:57,333 - httpx - INFO - HTTP Request: GET https://newsnow.busiyi.world/api/s?id=xiaohongshu&latest= "HTTP/1.1 500 Internal Server Error"
2026-05-15 06:02:57,334 - backend.services.signal.fetcher - WARNING - HotlistFetcher: xiaohongshu 返回HTTP 500 (attempt 2/3)
2026-05-15 06:02:57,334 - backend.services.signal.fetcher - INFO - HotlistFetcher: xiaohongshu 等待 4.8s 后重试
2026-05-15 06:02:59,280 - httpx - INFO - HTTP Request: GET https://newsnow.busiyi.world/api/s?id=kuaishou&latest= "HTTP/1.1 500 Internal Server Error"
2026-05-15 06:02:59,281 - backend.services.signal.fetcher - WARNING - HotlistFetcher: kuaishou 返回HTTP 500 (attempt 2/3)
2026-05-15 06:02:59,281 - backend.services.signal.fetcher - INFO - HotlistFetcher: kuaishou 等待 4.0s 后重试
2026-05-15 06:03:02,641 - httpx - INFO - HTTP Request: GET https://newsnow.busiyi.world/api/s?id=xiaohongshu&latest= "HTTP/1.1 500 Internal Server Error"
2026-05-15 06:03:02,641 - backend.services.signal.fetcher - WARNING - HotlistFetcher: xiaohongshu 返回HTTP 500 (attempt 3/3)
2026-05-15 06:03:03,809 - httpx - INFO - HTTP Request: GET https://newsnow.busiyi.world/api/s?id=kuaishou&latest= "HTTP/1.1 500 Internal Server Error"
2026-05-15 06:03:03,809 - backend.services.signal.fetcher - WARNING - HotlistFetcher: kuaishou 返回HTTP 500 (attempt 3/3)
2026-05-15 06:03:03,810 - backend.services.signal.fetcher - INFO - HotlistFetcher: weibo 获取到 30 条信号
2026-05-15 06:03:03,810 - backend.services.signal.fetcher - INFO - HotlistFetcher: baidu 获取到 30 条信号
2026-05-15 06:03:03,810 - backend.services.signal.fetcher - INFO - HotlistFetcher: zhihu 获取到 20 条信号
2026-05-15 06:03:03,810 - backend.services.signal.fetcher - INFO - HotlistFetcher: bilibili-hot-search 获取到 30 条信号
2026-05-15 06:03:03,810 - backend.services.signal.fetcher - INFO - HotlistFetcher: douyin 获取到 30 条信号
2026-05-15 06:03:03,810 - backend.services.signal.fetcher - INFO - HotlistFetcher: toutiao 获取到 30 条信号
2026-05-15 06:03:03,810 - backend.services.signal.fetcher - INFO - HotlistFetcher: tieba 获取到 29 条信号
2026-05-15 06:03:03,810 - backend.services.signal.fetcher - INFO - HotlistFetcher: thepaper 获取到 20 条信号
2026-05-15 06:03:03,810 - backend.services.signal.fetcher - INFO - HotlistFetcher: wallstreetcn-hot 获取到 10 条信号
2026-05-15 06:03:03,810 - backend.services.signal.fetcher - INFO - HotlistFetcher: cls-hot 获取到 13 条信号
2026-05-15 06:03:03,810 - backend.services.signal.fetcher - INFO - HotlistFetcher: ifeng 获取到 12 条信号
2026-05-15 06:03:03,810 - backend.services.signal.fetcher - INFO - HotlistFetcher: kuaishou 获取到 0 条信号
2026-05-15 06:03:03,810 - backend.services.signal.fetcher - INFO - HotlistFetcher: xiaohongshu 获取到 0 条信号
2026-05-15 06:03:03,810 - backend.services.signal.scheduler - INFO - SignalScheduler: 热榜爬取完成，共 254 条信号
2026-05-15 06:03:03,847 - backend.services.signal.scheduler - ERROR - SignalScheduler: 增量检测失败 (sqlite3.OperationalError) no such table: signal_records
[SQL: SELECT signal_records.signal_id AS signal_records_signal_id, signal_records.source_platform AS signal_records_source_platform, signal_records.title AS signal_records_title, signal_records.url AS signal_records_url, signal_records.rank AS signal_records_rank, signal_records.rank_timeline AS signal_records_rank_timeline, signal_records.first_seen AS signal_records_first_seen, signal_records.last_seen AS signal_records_last_seen, signal_records.appearance_count AS signal_records_appearance_count, signal_records.is_new AS signal_records_is_new, signal_records.signal_type AS signal_records_signal_type, signal_records.category AS signal_records_category, signal_records.raw_data AS signal_records_raw_data 
FROM signal_records 
WHERE signal_records.source_platform = ? AND signal_records.last_seen >= ?]
[parameters: ('weibo', '2026-05-14 06:03:03.810626')]
(Background on this error at: https://sqlalche.me/e/20/e3q8)
2026-05-15 06:03:03,848 - __main__ - ERROR - 信号采集失败：object of type 'NoneType' has no len()
Traceback (most recent call last):
  File "/workspace/tests/run_signal_collection.py", line 43, in run_signal_collection
    logger.info("热榜采集完成：共 %d 条信号", len(hotlist_signals))
                                   ^^^^^^^^^^^^^^^^^^^^
TypeError: object of type 'NoneType' has no len()
2026-05-15 06:03:20,659 - __main__ - INFO - ============================================================
2026-05-15 06:03:20,659 - __main__ - INFO - T7 深度信号采集 - 手动运行
2026-05-15 06:03:20,659 - __main__ - INFO - 开始时间：2026-05-15T06:03:20.659865
2026-05-15 06:03:20,659 - __main__ - INFO - ============================================================
2026-05-15 06:03:21,022 - backend.services.llm_client - INFO - 模型配置加载完成: 2 个 provider, 11 个可用模型 (支持 .env 动态覆盖)
2026-05-15 06:03:21,057 - __main__ - INFO - 
【Step 1】开始热榜采集...
2026-05-15 06:03:21,057 - backend.services.signal.scheduler - INFO - SignalScheduler: 开始热榜爬取
2026-05-15 06:03:21,693 - httpx - INFO - HTTP Request: GET https://newsnow.busiyi.world/api/s?id=baidu&latest= "HTTP/1.1 200 OK"
2026-05-15 06:03:21,725 - httpx - INFO - HTTP Request: GET https://newsnow.busiyi.world/api/s?id=weibo&latest= "HTTP/1.1 200 OK"
2026-05-15 06:03:21,782 - httpx - INFO - HTTP Request: GET https://newsnow.busiyi.world/api/s?id=bilibili-hot-search&latest= "HTTP/1.1 200 OK"
2026-05-15 06:03:21,880 - httpx - INFO - HTTP Request: GET https://newsnow.busiyi.world/api/s?id=douyin&latest= "HTTP/1.1 200 OK"
2026-05-15 06:03:21,927 - httpx - INFO - HTTP Request: GET https://newsnow.busiyi.world/api/s?id=zhihu&latest= "HTTP/1.1 200 OK"
2026-05-15 06:03:22,077 - httpx - INFO - HTTP Request: GET https://newsnow.busiyi.world/api/s?id=tieba&latest= "HTTP/1.1 200 OK"
2026-05-15 06:03:22,174 - httpx - INFO - HTTP Request: GET https://newsnow.busiyi.world/api/s?id=thepaper&latest= "HTTP/1.1 200 OK"
2026-05-15 06:03:22,230 - httpx - INFO - HTTP Request: GET https://newsnow.busiyi.world/api/s?id=toutiao&latest= "HTTP/1.1 200 OK"
2026-05-15 06:03:22,390 - httpx - INFO - HTTP Request: GET https://newsnow.busiyi.world/api/s?id=cls-hot&latest= "HTTP/1.1 200 OK"
2026-05-15 06:03:22,478 - httpx - INFO - HTTP Request: GET https://newsnow.busiyi.world/api/s?id=ifeng&latest= "HTTP/1.1 200 OK"
2026-05-15 06:03:22,549 - httpx - INFO - HTTP Request: GET https://newsnow.busiyi.world/api/s?id=wallstreetcn-hot&latest= "HTTP/1.1 200 OK"
2026-05-15 06:03:22,598 - httpx - INFO - HTTP Request: GET https://newsnow.busiyi.world/api/s?id=xiaohongshu&latest= "HTTP/1.1 500 Internal Server Error"
2026-05-15 06:03:22,598 - backend.services.signal.fetcher - WARNING - HotlistFetcher: xiaohongshu 返回HTTP 500 (attempt 1/3)
2026-05-15 06:03:22,598 - backend.services.signal.fetcher - INFO - HotlistFetcher: xiaohongshu 等待 3.7s 后重试
2026-05-15 06:03:22,799 - httpx - INFO - HTTP Request: GET https://newsnow.busiyi.world/api/s?id=kuaishou&latest= "HTTP/1.1 500 Internal Server Error"
2026-05-15 06:03:22,800 - backend.services.signal.fetcher - WARNING - HotlistFetcher: kuaishou 返回HTTP 500 (attempt 1/3)
2026-05-15 06:03:22,800 - backend.services.signal.fetcher - INFO - HotlistFetcher: kuaishou 等待 4.4s 后重试
2026-05-15 06:03:26,617 - httpx - INFO - HTTP Request: GET https://newsnow.busiyi.world/api/s?id=xiaohongshu&latest= "HTTP/1.1 500 Internal Server Error"
2026-05-15 06:03:26,618 - backend.services.signal.fetcher - WARNING - HotlistFetcher: xiaohongshu 返回HTTP 500 (attempt 2/3)
2026-05-15 06:03:26,618 - backend.services.signal.fetcher - INFO - HotlistFetcher: xiaohongshu 等待 3.7s 后重试
2026-05-15 06:03:27,748 - httpx - INFO - HTTP Request: GET https://newsnow.busiyi.world/api/s?id=kuaishou&latest= "HTTP/1.1 500 Internal Server Error"
2026-05-15 06:03:27,749 - backend.services.signal.fetcher - WARNING - HotlistFetcher: kuaishou 返回HTTP 500 (attempt 2/3)
2026-05-15 06:03:27,749 - backend.services.signal.fetcher - INFO - HotlistFetcher: kuaishou 等待 3.1s 后重试
2026-05-15 06:03:30,541 - httpx - INFO - HTTP Request: GET https://newsnow.busiyi.world/api/s?id=xiaohongshu&latest= "HTTP/1.1 500 Internal Server Error"
2026-05-15 06:03:30,541 - backend.services.signal.fetcher - WARNING - HotlistFetcher: xiaohongshu 返回HTTP 500 (attempt 3/3)
2026-05-15 06:03:31,125 - httpx - INFO - HTTP Request: GET https://newsnow.busiyi.world/api/s?id=kuaishou&latest= "HTTP/1.1 500 Internal Server Error"
2026-05-15 06:03:31,125 - backend.services.signal.fetcher - WARNING - HotlistFetcher: kuaishou 返回HTTP 500 (attempt 3/3)
2026-05-15 06:03:31,126 - backend.services.signal.fetcher - INFO - HotlistFetcher: weibo 获取到 30 条信号
2026-05-15 06:03:31,126 - backend.services.signal.fetcher - INFO - HotlistFetcher: baidu 获取到 30 条信号
2026-05-15 06:03:31,126 - backend.services.signal.fetcher - INFO - HotlistFetcher: zhihu 获取到 20 条信号
2026-05-15 06:03:31,126 - backend.services.signal.fetcher - INFO - HotlistFetcher: bilibili-hot-search 获取到 30 条信号
2026-05-15 06:03:31,126 - backend.services.signal.fetcher - INFO - HotlistFetcher: douyin 获取到 30 条信号
2026-05-15 06:03:31,126 - backend.services.signal.fetcher - INFO - HotlistFetcher: toutiao 获取到 30 条信号
2026-05-15 06:03:31,126 - backend.services.signal.fetcher - INFO - HotlistFetcher: tieba 获取到 29 条信号
2026-05-15 06:03:31,126 - backend.services.signal.fetcher - INFO - HotlistFetcher: thepaper 获取到 20 条信号
2026-05-15 06:03:31,126 - backend.services.signal.fetcher - INFO - HotlistFetcher: wallstreetcn-hot 获取到 10 条信号
2026-05-15 06:03:31,126 - backend.services.signal.fetcher - INFO - HotlistFetcher: cls-hot 获取到 13 条信号
2026-05-15 06:03:31,126 - backend.services.signal.fetcher - INFO - HotlistFetcher: ifeng 获取到 12 条信号
2026-05-15 06:03:31,126 - backend.services.signal.fetcher - INFO - HotlistFetcher: kuaishou 获取到 0 条信号
2026-05-15 06:03:31,126 - backend.services.signal.fetcher - INFO - HotlistFetcher: xiaohongshu 获取到 0 条信号
2026-05-15 06:03:31,126 - backend.services.signal.scheduler - INFO - SignalScheduler: 热榜爬取完成，共 254 条信号
2026-05-15 06:03:31,210 - backend.services.signal.incremental - INFO - IncrementalDetector: 检测完成 - 新上榜 254, 排名变化 0, 未变化 0
2026-05-15 06:03:31,210 - backend.services.signal.scheduler - INFO - SignalScheduler: 增量检测完成 - 新上榜 254, 排名变化 0
2026-05-15 06:03:31,210 - __main__ - ERROR - 信号采集失败：object of type 'NoneType' has no len()
Traceback (most recent call last):
  File "/workspace/tests/run_signal_collection.py", line 43, in run_signal_collection
    logger.info("热榜采集完成：共 %d 条信号", len(hotlist_signals))
                                   ^^^^^^^^^^^^^^^^^^^^
TypeError: object of type 'NoneType' has no len()
2026-05-15 06:07:29,266 - __main__ - INFO - ============================================================
2026-05-15 06:07:29,266 - __main__ - INFO - T7 深度信号采集 - 手动运行
2026-05-15 06:07:29,266 - __main__ - INFO - 开始时间：2026-05-15T06:07:29.266812
2026-05-15 06:07:29,266 - __main__ - INFO - ============================================================
2026-05-15 06:07:29,670 - backend.services.llm_client - INFO - 模型配置加载完成: 2 个 provider, 11 个可用模型 (支持 .env 动态覆盖)
2026-05-15 06:07:29,703 - __main__ - INFO - 
【Step 1】开始热榜采集...
2026-05-15 06:07:30,222 - httpx - INFO - HTTP Request: GET https://newsnow.busiyi.world/api/s?id=weibo&latest= "HTTP/1.1 200 OK"
2026-05-15 06:07:30,249 - httpx - INFO - HTTP Request: GET https://newsnow.busiyi.world/api/s?id=baidu&latest= "HTTP/1.1 200 OK"
2026-05-15 06:07:30,449 - httpx - INFO - HTTP Request: GET https://newsnow.busiyi.world/api/s?id=zhihu&latest= "HTTP/1.1 200 OK"
2026-05-15 06:07:30,451 - httpx - INFO - HTTP Request: GET https://newsnow.busiyi.world/api/s?id=bilibili-hot-search&latest= "HTTP/1.1 200 OK"
2026-05-15 06:07:30,721 - httpx - INFO - HTTP Request: GET https://newsnow.busiyi.world/api/s?id=toutiao&latest= "HTTP/1.1 200 OK"
2026-05-15 06:07:30,723 - httpx - INFO - HTTP Request: GET https://newsnow.busiyi.world/api/s?id=tieba&latest= "HTTP/1.1 200 OK"
2026-05-15 06:07:30,820 - httpx - INFO - HTTP Request: GET https://newsnow.busiyi.world/api/s?id=douyin&latest= "HTTP/1.1 200 OK"
2026-05-15 06:07:30,968 - httpx - INFO - HTTP Request: GET https://newsnow.busiyi.world/api/s?id=wallstreetcn-hot&latest= "HTTP/1.1 200 OK"
2026-05-15 06:07:30,980 - httpx - INFO - HTTP Request: GET https://newsnow.busiyi.world/api/s?id=cls-hot&latest= "HTTP/1.1 200 OK"
2026-05-15 06:07:31,064 - httpx - INFO - HTTP Request: GET https://newsnow.busiyi.world/api/s?id=thepaper&latest= "HTTP/1.1 200 OK"
2026-05-15 06:07:31,182 - httpx - INFO - HTTP Request: GET https://newsnow.busiyi.world/api/s?id=kuaishou&latest= "HTTP/1.1 500 Internal Server Error"
2026-05-15 06:07:31,184 - backend.services.signal.fetcher - WARNING - HotlistFetcher: kuaishou 返回HTTP 500 (attempt 1/3)
2026-05-15 06:07:31,184 - backend.services.signal.fetcher - INFO - HotlistFetcher: kuaishou 等待 3.5s 后重试
2026-05-15 06:07:31,297 - httpx - INFO - HTTP Request: GET https://newsnow.busiyi.world/api/s?id=xiaohongshu&latest= "HTTP/1.1 500 Internal Server Error"
2026-05-15 06:07:31,298 - backend.services.signal.fetcher - WARNING - HotlistFetcher: xiaohongshu 返回HTTP 500 (attempt 1/3)
2026-05-15 06:07:31,298 - backend.services.signal.fetcher - INFO - HotlistFetcher: xiaohongshu 等待 4.7s 后重试
2026-05-15 06:07:31,371 - httpx - INFO - HTTP Request: GET https://newsnow.busiyi.world/api/s?id=ifeng&latest= "HTTP/1.1 200 OK"
2026-05-15 06:07:35,608 - httpx - INFO - HTTP Request: GET https://newsnow.busiyi.world/api/s?id=kuaishou&latest= "HTTP/1.1 500 Internal Server Error"
2026-05-15 06:07:35,609 - backend.services.signal.fetcher - WARNING - HotlistFetcher: kuaishou 返回HTTP 500 (attempt 2/3)
2026-05-15 06:07:35,609 - backend.services.signal.fetcher - INFO - HotlistFetcher: kuaishou 等待 3.6s 后重试
2026-05-15 06:07:36,236 - httpx - INFO - HTTP Request: GET https://newsnow.busiyi.world/api/s?id=xiaohongshu&latest= "HTTP/1.1 500 Internal Server Error"
2026-05-15 06:07:36,237 - backend.services.signal.fetcher - WARNING - HotlistFetcher: xiaohongshu 返回HTTP 500 (attempt 2/3)
2026-05-15 06:07:36,237 - backend.services.signal.fetcher - INFO - HotlistFetcher: xiaohongshu 等待 3.9s 后重试
2026-05-15 06:07:39,417 - httpx - INFO - HTTP Request: GET https://newsnow.busiyi.world/api/s?id=kuaishou&latest= "HTTP/1.1 500 Internal Server Error"
2026-05-15 06:07:39,418 - backend.services.signal.fetcher - WARNING - HotlistFetcher: kuaishou 返回HTTP 500 (attempt 3/3)
2026-05-15 06:07:40,645 - httpx - INFO - HTTP Request: GET https://newsnow.busiyi.world/api/s?id=xiaohongshu&latest= "HTTP/1.1 500 Internal Server Error"
2026-05-15 06:07:40,645 - backend.services.signal.fetcher - WARNING - HotlistFetcher: xiaohongshu 返回HTTP 500 (attempt 3/3)
2026-05-15 06:07:40,646 - backend.services.signal.fetcher - INFO - HotlistFetcher: weibo 获取到 30 条信号
2026-05-15 06:07:40,646 - backend.services.signal.fetcher - INFO - HotlistFetcher: baidu 获取到 30 条信号
2026-05-15 06:07:40,646 - backend.services.signal.fetcher - INFO - HotlistFetcher: zhihu 获取到 20 条信号
2026-05-15 06:07:40,646 - backend.services.signal.fetcher - INFO - HotlistFetcher: bilibili-hot-search 获取到 30 条信号
2026-05-15 06:07:40,646 - backend.services.signal.fetcher - INFO - HotlistFetcher: douyin 获取到 30 条信号
2026-05-15 06:07:40,646 - backend.services.signal.fetcher - INFO - HotlistFetcher: toutiao 获取到 30 条信号
2026-05-15 06:07:40,646 - backend.services.signal.fetcher - INFO - HotlistFetcher: tieba 获取到 29 条信号
2026-05-15 06:07:40,646 - backend.services.signal.fetcher - INFO - HotlistFetcher: thepaper 获取到 20 条信号
2026-05-15 06:07:40,646 - backend.services.signal.fetcher - INFO - HotlistFetcher: wallstreetcn-hot 获取到 10 条信号
2026-05-15 06:07:40,646 - backend.services.signal.fetcher - INFO - HotlistFetcher: cls-hot 获取到 13 条信号
2026-05-15 06:07:40,646 - backend.services.signal.fetcher - INFO - HotlistFetcher: ifeng 获取到 12 条信号
2026-05-15 06:07:40,646 - backend.services.signal.fetcher - INFO - HotlistFetcher: kuaishou 获取到 0 条信号
2026-05-15 06:07:40,646 - backend.services.signal.fetcher - INFO - HotlistFetcher: xiaohongshu 获取到 0 条信号
2026-05-15 06:07:40,646 - __main__ - INFO - 热榜采集完成：共 254 条信号
2026-05-15 06:07:40,646 - __main__ - INFO - 
【Step 2】开始 RSS 采集...
2026-05-15 06:07:55,764 - backend.services.signal.rss_fetcher - WARNING - RssFetcher: hacker-news 请求失败 ConnectTimeout
2026-05-15 06:07:56,490 - httpx - INFO - HTTP Request: GET https://finance.yahoo.com/news/rssindex "HTTP/1.1 429 Too Many Requests"
2026-05-15 06:07:56,491 - backend.services.signal.rss_fetcher - WARNING - RssFetcher: yahoo-finance HTTP 429
2026-05-15 06:07:56,491 - __main__ - INFO - RSS 采集完成：共 0 条信号
2026-05-15 06:07:56,491 - __main__ - INFO - 
【Step 3】开始增量检测...
2026-05-15 06:07:56,491 - __main__ - ERROR - 信号采集失败：'IncrementalDetector' object has no attribute 'detect_incremental'
Traceback (most recent call last):
  File "/workspace/tests/run_signal_collection.py", line 65, in run_signal_collection
    incremental_result = await detector.detect_incremental(all_signals)
                               ^^^^^^^^^^^^^^^^^^^^^^^^^^^
AttributeError: 'IncrementalDetector' object has no attribute 'detect_incremental'
2026-05-15 06:08:33,274 - __main__ - INFO - ============================================================
2026-05-15 06:08:33,274 - __main__ - INFO - T7 深度信号采集 - 手动运行
2026-05-15 06:08:33,274 - __main__ - INFO - 开始时间：2026-05-15T06:08:33.274682
2026-05-15 06:08:33,274 - __main__ - INFO - ============================================================
2026-05-15 06:08:33,688 - backend.services.llm_client - INFO - 模型配置加载完成: 2 个 provider, 11 个可用模型 (支持 .env 动态覆盖)
2026-05-15 06:08:33,724 - __main__ - INFO - 
【Step 1】开始热榜采集...
2026-05-15 06:08:34,301 - httpx - INFO - HTTP Request: GET https://newsnow.busiyi.world/api/s?id=weibo&latest= "HTTP/1.1 200 OK"
2026-05-15 06:08:34,347 - httpx - INFO - HTTP Request: GET https://newsnow.busiyi.world/api/s?id=baidu&latest= "HTTP/1.1 200 OK"
2026-05-15 06:08:34,456 - httpx - INFO - HTTP Request: GET https://newsnow.busiyi.world/api/s?id=bilibili-hot-search&latest= "HTTP/1.1 200 OK"
2026-05-15 06:08:34,579 - httpx - INFO - HTTP Request: GET https://newsnow.busiyi.world/api/s?id=douyin&latest= "HTTP/1.1 200 OK"
2026-05-15 06:08:34,702 - httpx - INFO - HTTP Request: GET https://newsnow.busiyi.world/api/s?id=zhihu&latest= "HTTP/1.1 200 OK"
2026-05-15 06:08:34,768 - httpx - INFO - HTTP Request: GET https://newsnow.busiyi.world/api/s?id=tieba&latest= "HTTP/1.1 200 OK"
2026-05-15 06:08:34,863 - httpx - INFO - HTTP Request: GET https://newsnow.busiyi.world/api/s?id=thepaper&latest= "HTTP/1.1 200 OK"
2026-05-15 06:08:34,887 - httpx - INFO - HTTP Request: GET https://newsnow.busiyi.world/api/s?id=toutiao&latest= "HTTP/1.1 200 OK"
2026-05-15 06:08:35,043 - httpx - INFO - HTTP Request: GET https://newsnow.busiyi.world/api/s?id=cls-hot&latest= "HTTP/1.1 200 OK"
2026-05-15 06:08:35,171 - httpx - INFO - HTTP Request: GET https://newsnow.busiyi.world/api/s?id=ifeng&latest= "HTTP/1.1 200 OK"
2026-05-15 06:08:35,217 - httpx - INFO - HTTP Request: GET https://newsnow.busiyi.world/api/s?id=wallstreetcn-hot&latest= "HTTP/1.1 200 OK"
2026-05-15 06:08:35,286 - httpx - INFO - HTTP Request: GET https://newsnow.busiyi.world/api/s?id=xiaohongshu&latest= "HTTP/1.1 500 Internal Server Error"
2026-05-15 06:08:35,287 - backend.services.signal.fetcher - WARNING - HotlistFetcher: xiaohongshu 返回HTTP 500 (attempt 1/3)
2026-05-15 06:08:35,287 - backend.services.signal.fetcher - INFO - HotlistFetcher: xiaohongshu 等待 3.9s 后重试
2026-05-15 06:08:35,470 - httpx - INFO - HTTP Request: GET https://newsnow.busiyi.world/api/s?id=kuaishou&latest= "HTTP/1.1 500 Internal Server Error"
2026-05-15 06:08:35,471 - backend.services.signal.fetcher - WARNING - HotlistFetcher: kuaishou 返回HTTP 500 (attempt 1/3)
2026-05-15 06:08:35,471 - backend.services.signal.fetcher - INFO - HotlistFetcher: kuaishou 等待 4.5s 后重试
2026-05-15 06:08:39,494 - httpx - INFO - HTTP Request: GET https://newsnow.busiyi.world/api/s?id=xiaohongshu&latest= "HTTP/1.1 500 Internal Server Error"
2026-05-15 06:08:39,495 - backend.services.signal.fetcher - WARNING - HotlistFetcher: xiaohongshu 返回HTTP 500 (attempt 2/3)
2026-05-15 06:08:39,495 - backend.services.signal.fetcher - INFO - HotlistFetcher: xiaohongshu 等待 5.0s 后重试
2026-05-15 06:08:40,600 - httpx - INFO - HTTP Request: GET https://newsnow.busiyi.world/api/s?id=kuaishou&latest= "HTTP/1.1 500 Internal Server Error"
2026-05-15 06:08:40,601 - backend.services.signal.fetcher - WARNING - HotlistFetcher: kuaishou 返回HTTP 500 (attempt 2/3)
2026-05-15 06:08:40,601 - backend.services.signal.fetcher - INFO - HotlistFetcher: kuaishou 等待 4.8s 后重试
2026-05-15 06:08:44,764 - httpx - INFO - HTTP Request: GET https://newsnow.busiyi.world/api/s?id=xiaohongshu&latest= "HTTP/1.1 500 Internal Server Error"
2026-05-15 06:08:44,765 - backend.services.signal.fetcher - WARNING - HotlistFetcher: xiaohongshu 返回HTTP 500 (attempt 3/3)
2026-05-15 06:08:45,674 - httpx - INFO - HTTP Request: GET https://newsnow.busiyi.world/api/s?id=kuaishou&latest= "HTTP/1.1 500 Internal Server Error"
2026-05-15 06:08:45,674 - backend.services.signal.fetcher - WARNING - HotlistFetcher: kuaishou 返回HTTP 500 (attempt 3/3)
2026-05-15 06:08:45,675 - backend.services.signal.fetcher - INFO - HotlistFetcher: weibo 获取到 30 条信号
2026-05-15 06:08:45,675 - backend.services.signal.fetcher - INFO - HotlistFetcher: baidu 获取到 30 条信号
2026-05-15 06:08:45,675 - backend.services.signal.fetcher - INFO - HotlistFetcher: zhihu 获取到 20 条信号
2026-05-15 06:08:45,675 - backend.services.signal.fetcher - INFO - HotlistFetcher: bilibili-hot-search 获取到 30 条信号
2026-05-15 06:08:45,675 - backend.services.signal.fetcher - INFO - HotlistFetcher: douyin 获取到 30 条信号
2026-05-15 06:08:45,675 - backend.services.signal.fetcher - INFO - HotlistFetcher: toutiao 获取到 30 条信号
2026-05-15 06:08:45,675 - backend.services.signal.fetcher - INFO - HotlistFetcher: tieba 获取到 29 条信号
2026-05-15 06:08:45,675 - backend.services.signal.fetcher - INFO - HotlistFetcher: thepaper 获取到 20 条信号
2026-05-15 06:08:45,675 - backend.services.signal.fetcher - INFO - HotlistFetcher: wallstreetcn-hot 获取到 10 条信号
2026-05-15 06:08:45,675 - backend.services.signal.fetcher - INFO - HotlistFetcher: cls-hot 获取到 13 条信号
2026-05-15 06:08:45,675 - backend.services.signal.fetcher - INFO - HotlistFetcher: ifeng 获取到 12 条信号
2026-05-15 06:08:45,675 - backend.services.signal.fetcher - INFO - HotlistFetcher: kuaishou 获取到 0 条信号
2026-05-15 06:08:45,675 - backend.services.signal.fetcher - INFO - HotlistFetcher: xiaohongshu 获取到 0 条信号
2026-05-15 06:08:45,675 - __main__ - INFO - 热榜采集完成：共 254 条信号
2026-05-15 06:08:45,675 - __main__ - INFO - 
【Step 2】开始 RSS 采集...
2026-05-15 06:08:47,090 - httpx - INFO - HTTP Request: GET https://hnrss.org/frontpage "HTTP/1.1 200 OK"
2026-05-15 06:08:47,149 - backend.services.signal.rss_fetcher - INFO - RssFetcher: hacker-news 获取到 20 条信号
2026-05-15 06:08:47,925 - httpx - INFO - HTTP Request: GET https://finance.yahoo.com/news/rssindex "HTTP/1.1 429 Too Many Requests"
2026-05-15 06:08:47,926 - backend.services.signal.rss_fetcher - WARNING - RssFetcher: yahoo-finance HTTP 429
2026-05-15 06:08:47,926 - __main__ - INFO - RSS 采集完成：共 20 条信号
2026-05-15 06:08:47,926 - __main__ - INFO - 
【Step 3】开始增量检测...
2026-05-15 06:08:47,970 - backend.services.signal.incremental - INFO - IncrementalDetector: zhihu 有 1 个事件下榜
2026-05-15 06:08:48,000 - backend.services.signal.incremental - INFO - IncrementalDetector: 检测完成 - 新上榜 1, 排名变化 2, 未变化 251
2026-05-15 06:08:48,001 - __main__ - INFO - 增量检测完成：新上榜 1 条，排名变化 2 条
2026-05-15 06:08:48,001 - __main__ - INFO - 
【Step 4】开始事件检测...
2026-05-15 06:08:48,001 - __main__ - ERROR - 信号采集失败：EventDetector.__init__() takes 1 positional argument but 2 were given
Traceback (most recent call last):
  File "/workspace/tests/run_signal_collection.py", line 80, in run_signal_collection
    event_detector = EventDetector(db)
                     ^^^^^^^^^^^^^^^^^
TypeError: EventDetector.__init__() takes 1 positional argument but 2 were given
2026-05-15 06:09:09,862 - __main__ - INFO - ============================================================
2026-05-15 06:09:09,862 - __main__ - INFO - T7 深度信号采集 - 手动运行
2026-05-15 06:09:09,862 - __main__ - INFO - 开始时间：2026-05-15T06:09:09.862953
2026-05-15 06:09:09,863 - __main__ - INFO - ============================================================
2026-05-15 06:09:10,262 - backend.services.llm_client - INFO - 模型配置加载完成: 2 个 provider, 11 个可用模型 (支持 .env 动态覆盖)
2026-05-15 06:09:10,295 - __main__ - INFO - 
【Step 1】开始热榜采集...
2026-05-15 06:09:10,822 - httpx - INFO - HTTP Request: GET https://newsnow.busiyi.world/api/s?id=baidu&latest= "HTTP/1.1 200 OK"
2026-05-15 06:09:10,948 - httpx - INFO - HTTP Request: GET https://newsnow.busiyi.world/api/s?id=zhihu&latest= "HTTP/1.1 200 OK"
2026-05-15 06:09:10,967 - httpx - INFO - HTTP Request: GET https://newsnow.busiyi.world/api/s?id=weibo&latest= "HTTP/1.1 200 OK"
2026-05-15 06:09:11,126 - httpx - INFO - HTTP Request: GET https://newsnow.busiyi.world/api/s?id=douyin&latest= "HTTP/1.1 200 OK"
2026-05-15 06:09:11,249 - httpx - INFO - HTTP Request: GET https://newsnow.busiyi.world/api/s?id=bilibili-hot-search&latest= "HTTP/1.1 200 OK"
2026-05-15 06:09:11,322 - httpx - INFO - HTTP Request: GET https://newsnow.busiyi.world/api/s?id=toutiao&latest= "HTTP/1.1 200 OK"
2026-05-15 06:09:11,445 - httpx - INFO - HTTP Request: GET https://newsnow.busiyi.world/api/s?id=thepaper&latest= "HTTP/1.1 200 OK"
2026-05-15 06:09:11,522 - httpx - INFO - HTTP Request: GET https://newsnow.busiyi.world/api/s?id=wallstreetcn-hot&latest= "HTTP/1.1 200 OK"
2026-05-15 06:09:11,673 - httpx - INFO - HTTP Request: GET https://newsnow.busiyi.world/api/s?id=tieba&latest= "HTTP/1.1 200 OK"
2026-05-15 06:09:11,736 - httpx - INFO - HTTP Request: GET https://newsnow.busiyi.world/api/s?id=ifeng&latest= "HTTP/1.1 200 OK"
2026-05-15 06:09:11,776 - httpx - INFO - HTTP Request: GET https://newsnow.busiyi.world/api/s?id=kuaishou&latest= "HTTP/1.1 500 Internal Server Error"
2026-05-15 06:09:11,776 - backend.services.signal.fetcher - WARNING - HotlistFetcher: kuaishou 返回HTTP 500 (attempt 1/3)
2026-05-15 06:09:11,776 - backend.services.signal.fetcher - INFO - HotlistFetcher: kuaishou 等待 4.5s 后重试
2026-05-15 06:09:11,929 - httpx - INFO - HTTP Request: GET https://newsnow.busiyi.world/api/s?id=cls-hot&latest= "HTTP/1.1 200 OK"
2026-05-15 06:09:12,109 - httpx - INFO - HTTP Request: GET https://newsnow.busiyi.world/api/s?id=xiaohongshu&latest= "HTTP/1.1 500 Internal Server Error"
2026-05-15 06:09:12,110 - backend.services.signal.fetcher - WARNING - HotlistFetcher: xiaohongshu 返回HTTP 500 (attempt 1/3)
2026-05-15 06:09:12,110 - backend.services.signal.fetcher - INFO - HotlistFetcher: xiaohongshu 等待 4.0s 后重试
2026-05-15 06:09:16,405 - httpx - INFO - HTTP Request: GET https://newsnow.busiyi.world/api/s?id=xiaohongshu&latest= "HTTP/1.1 500 Internal Server Error"
2026-05-15 06:09:16,406 - backend.services.signal.fetcher - WARNING - HotlistFetcher: xiaohongshu 返回HTTP 500 (attempt 2/3)
2026-05-15 06:09:16,406 - backend.services.signal.fetcher - INFO - HotlistFetcher: xiaohongshu 等待 5.0s 后重试
2026-05-15 06:09:16,567 - httpx - INFO - HTTP Request: GET https://newsnow.busiyi.world/api/s?id=kuaishou&latest= "HTTP/1.1 500 Internal Server Error"
2026-05-15 06:09:16,568 - backend.services.signal.fetcher - WARNING - HotlistFetcher: kuaishou 返回HTTP 500 (attempt 2/3)
2026-05-15 06:09:16,568 - backend.services.signal.fetcher - INFO - HotlistFetcher: kuaishou 等待 4.6s 后重试
2026-05-15 06:09:21,704 - httpx - INFO - HTTP Request: GET https://newsnow.busiyi.world/api/s?id=xiaohongshu&latest= "HTTP/1.1 500 Internal Server Error"
2026-05-15 06:09:21,705 - backend.services.signal.fetcher - WARNING - HotlistFetcher: xiaohongshu 返回HTTP 500 (attempt 3/3)
2026-05-15 06:09:21,750 - httpx - INFO - HTTP Request: GET https://newsnow.busiyi.world/api/s?id=kuaishou&latest= "HTTP/1.1 500 Internal Server Error"
2026-05-15 06:09:21,751 - backend.services.signal.fetcher - WARNING - HotlistFetcher: kuaishou 返回HTTP 500 (attempt 3/3)
2026-05-15 06:09:21,751 - backend.services.signal.fetcher - INFO - HotlistFetcher: weibo 获取到 30 条信号
2026-05-15 06:09:21,751 - backend.services.signal.fetcher - INFO - HotlistFetcher: baidu 获取到 30 条信号
2026-05-15 06:09:21,751 - backend.services.signal.fetcher - INFO - HotlistFetcher: zhihu 获取到 20 条信号
2026-05-15 06:09:21,751 - backend.services.signal.fetcher - INFO - HotlistFetcher: bilibili-hot-search 获取到 30 条信号
2026-05-15 06:09:21,751 - backend.services.signal.fetcher - INFO - HotlistFetcher: douyin 获取到 30 条信号
2026-05-15 06:09:21,751 - backend.services.signal.fetcher - INFO - HotlistFetcher: toutiao 获取到 30 条信号
2026-05-15 06:09:21,751 - backend.services.signal.fetcher - INFO - HotlistFetcher: tieba 获取到 29 条信号
2026-05-15 06:09:21,751 - backend.services.signal.fetcher - INFO - HotlistFetcher: thepaper 获取到 20 条信号
2026-05-15 06:09:21,751 - backend.services.signal.fetcher - INFO - HotlistFetcher: wallstreetcn-hot 获取到 10 条信号
2026-05-15 06:09:21,751 - backend.services.signal.fetcher - INFO - HotlistFetcher: cls-hot 获取到 13 条信号
2026-05-15 06:09:21,751 - backend.services.signal.fetcher - INFO - HotlistFetcher: ifeng 获取到 12 条信号
2026-05-15 06:09:21,751 - backend.services.signal.fetcher - INFO - HotlistFetcher: kuaishou 获取到 0 条信号
2026-05-15 06:09:21,751 - backend.services.signal.fetcher - INFO - HotlistFetcher: xiaohongshu 获取到 0 条信号
2026-05-15 06:09:21,752 - __main__ - INFO - 热榜采集完成：共 254 条信号
2026-05-15 06:09:21,752 - __main__ - INFO - 
【Step 2】开始 RSS 采集...
2026-05-15 06:09:23,141 - httpx - INFO - HTTP Request: GET https://hnrss.org/frontpage "HTTP/1.1 200 OK"
2026-05-15 06:09:23,194 - backend.services.signal.rss_fetcher - INFO - RssFetcher: hacker-news 获取到 20 条信号
2026-05-15 06:09:23,995 - httpx - INFO - HTTP Request: GET https://finance.yahoo.com/news/rssindex "HTTP/1.1 429 Too Many Requests"
2026-05-15 06:09:23,998 - backend.services.signal.rss_fetcher - WARNING - RssFetcher: yahoo-finance HTTP 429
2026-05-15 06:09:23,998 - __main__ - INFO - RSS 采集完成：共 20 条信号
2026-05-15 06:09:23,998 - __main__ - INFO - 
【Step 3】开始增量检测...
2026-05-15 06:09:24,053 - backend.services.signal.incremental - INFO - IncrementalDetector: zhihu 有 1 个事件下榜
2026-05-15 06:09:24,085 - backend.services.signal.incremental - INFO - IncrementalDetector: 检测完成 - 新上榜 0, 排名变化 0, 未变化 254
2026-05-15 06:09:24,085 - __main__ - INFO - 增量检测完成：新上榜 0 条，排名变化 0 条
2026-05-15 06:09:24,085 - __main__ - INFO - 
【Step 4】开始事件检测...
2026-05-15 06:09:24,090 - __main__ - ERROR - 信号采集失败：name 'Signal' is not defined
Traceback (most recent call last):
  File "/workspace/tests/run_signal_collection.py", line 97, in run_signal_collection
    signal = Signal(
             ^^^^^^
NameError: name 'Signal' is not defined
2026-05-15 06:09:41,092 - __main__ - INFO - ============================================================
2026-05-15 06:09:41,092 - __main__ - INFO - T7 深度信号采集 - 手动运行
2026-05-15 06:09:41,092 - __main__ - INFO - 开始时间：2026-05-15T06:09:41.092741
2026-05-15 06:09:41,092 - __main__ - INFO - ============================================================
2026-05-15 06:09:41,477 - backend.services.llm_client - INFO - 模型配置加载完成: 2 个 provider, 11 个可用模型 (支持 .env 动态覆盖)
2026-05-15 06:09:41,510 - __main__ - INFO - 
【Step 1】开始热榜采集...
2026-05-15 06:09:41,927 - httpx - INFO - HTTP Request: GET https://newsnow.busiyi.world/api/s?id=weibo&latest= "HTTP/1.1 200 OK"
2026-05-15 06:09:42,246 - httpx - INFO - HTTP Request: GET https://newsnow.busiyi.world/api/s?id=zhihu&latest= "HTTP/1.1 200 OK"
2026-05-15 06:09:42,255 - httpx - INFO - HTTP Request: GET https://newsnow.busiyi.world/api/s?id=bilibili-hot-search&latest= "HTTP/1.1 200 OK"
2026-05-15 06:09:42,264 - httpx - INFO - HTTP Request: GET https://newsnow.busiyi.world/api/s?id=baidu&latest= "HTTP/1.1 200 OK"
2026-05-15 06:09:42,526 - httpx - INFO - HTTP Request: GET https://newsnow.busiyi.world/api/s?id=tieba&latest= "HTTP/1.1 200 OK"
2026-05-15 06:09:42,535 - httpx - INFO - HTTP Request: GET https://newsnow.busiyi.world/api/s?id=toutiao&latest= "HTTP/1.1 200 OK"
2026-05-15 06:09:42,628 - httpx - INFO - HTTP Request: GET https://newsnow.busiyi.world/api/s?id=douyin&latest= "HTTP/1.1 200 OK"
2026-05-15 06:09:42,687 - httpx - INFO - HTTP Request: GET https://newsnow.busiyi.world/api/s?id=wallstreetcn-hot&latest= "HTTP/1.1 200 OK"
2026-05-15 06:09:42,873 - httpx - INFO - HTTP Request: GET https://newsnow.busiyi.world/api/s?id=thepaper&latest= "HTTP/1.1 200 OK"
2026-05-15 06:09:42,986 - httpx - INFO - HTTP Request: GET https://newsnow.busiyi.world/api/s?id=kuaishou&latest= "HTTP/1.1 500 Internal Server Error"
2026-05-15 06:09:42,986 - backend.services.signal.fetcher - WARNING - HotlistFetcher: kuaishou 返回HTTP 500 (attempt 1/3)
2026-05-15 06:09:42,987 - backend.services.signal.fetcher - INFO - HotlistFetcher: kuaishou 等待 4.7s 后重试
2026-05-15 06:09:43,019 - httpx - INFO - HTTP Request: GET https://newsnow.busiyi.world/api/s?id=cls-hot&latest= "HTTP/1.1 200 OK"
2026-05-15 06:09:43,046 - httpx - INFO - HTTP Request: GET https://newsnow.busiyi.world/api/s?id=xiaohongshu&latest= "HTTP/1.1 500 Internal Server Error"
2026-05-15 06:09:43,047 - backend.services.signal.fetcher - WARNING - HotlistFetcher: xiaohongshu 返回HTTP 500 (attempt 1/3)
2026-05-15 06:09:43,047 - backend.services.signal.fetcher - INFO - HotlistFetcher: xiaohongshu 等待 4.5s 后重试
2026-05-15 06:09:43,148 - httpx - INFO - HTTP Request: GET https://newsnow.busiyi.world/api/s?id=ifeng&latest= "HTTP/1.1 200 OK"
2026-05-15 06:09:47,952 - httpx - INFO - HTTP Request: GET https://newsnow.busiyi.world/api/s?id=kuaishou&latest= "HTTP/1.1 500 Internal Server Error"
2026-05-15 06:09:47,953 - backend.services.signal.fetcher - WARNING - HotlistFetcher: kuaishou 返回HTTP 500 (attempt 2/3)
2026-05-15 06:09:47,953 - backend.services.signal.fetcher - INFO - HotlistFetcher: kuaishou 等待 3.7s 后重试
2026-05-15 06:09:48,064 - httpx - INFO - HTTP Request: GET https://newsnow.busiyi.world/api/s?id=xiaohongshu&latest= "HTTP/1.1 500 Internal Server Error"
2026-05-15 06:09:48,064 - backend.services.signal.fetcher - WARNING - HotlistFetcher: xiaohongshu 返回HTTP 500 (attempt 2/3)
2026-05-15 06:09:48,065 - backend.services.signal.fetcher - INFO - HotlistFetcher: xiaohongshu 等待 4.6s 后重试
2026-05-15 06:09:51,973 - httpx - INFO - HTTP Request: GET https://newsnow.busiyi.world/api/s?id=kuaishou&latest= "HTTP/1.1 500 Internal Server Error"
2026-05-15 06:09:51,973 - backend.services.signal.fetcher - WARNING - HotlistFetcher: kuaishou 返回HTTP 500 (attempt 3/3)
2026-05-15 06:09:53,160 - httpx - INFO - HTTP Request: GET https://newsnow.busiyi.world/api/s?id=xiaohongshu&latest= "HTTP/1.1 500 Internal Server Error"
2026-05-15 06:09:53,161 - backend.services.signal.fetcher - WARNING - HotlistFetcher: xiaohongshu 返回HTTP 500 (attempt 3/3)
2026-05-15 06:09:53,161 - backend.services.signal.fetcher - INFO - HotlistFetcher: weibo 获取到 30 条信号
2026-05-15 06:09:53,161 - backend.services.signal.fetcher - INFO - HotlistFetcher: baidu 获取到 30 条信号
2026-05-15 06:09:53,161 - backend.services.signal.fetcher - INFO - HotlistFetcher: zhihu 获取到 20 条信号
2026-05-15 06:09:53,161 - backend.services.signal.fetcher - INFO - HotlistFetcher: bilibili-hot-search 获取到 30 条信号
2026-05-15 06:09:53,161 - backend.services.signal.fetcher - INFO - HotlistFetcher: douyin 获取到 30 条信号
2026-05-15 06:09:53,161 - backend.services.signal.fetcher - INFO - HotlistFetcher: toutiao 获取到 30 条信号
2026-05-15 06:09:53,161 - backend.services.signal.fetcher - INFO - HotlistFetcher: tieba 获取到 29 条信号
2026-05-15 06:09:53,161 - backend.services.signal.fetcher - INFO - HotlistFetcher: thepaper 获取到 20 条信号
2026-05-15 06:09:53,161 - backend.services.signal.fetcher - INFO - HotlistFetcher: wallstreetcn-hot 获取到 10 条信号
2026-05-15 06:09:53,161 - backend.services.signal.fetcher - INFO - HotlistFetcher: cls-hot 获取到 13 条信号
2026-05-15 06:09:53,161 - backend.services.signal.fetcher - INFO - HotlistFetcher: ifeng 获取到 12 条信号
2026-05-15 06:09:53,161 - backend.services.signal.fetcher - INFO - HotlistFetcher: kuaishou 获取到 0 条信号
2026-05-15 06:09:53,161 - backend.services.signal.fetcher - INFO - HotlistFetcher: xiaohongshu 获取到 0 条信号
2026-05-15 06:09:53,161 - __main__ - INFO - 热榜采集完成：共 254 条信号
2026-05-15 06:09:53,161 - __main__ - INFO - 
【Step 2】开始 RSS 采集...
2026-05-15 06:09:54,584 - httpx - INFO - HTTP Request: GET https://hnrss.org/frontpage "HTTP/1.1 200 OK"
2026-05-15 06:09:54,620 - backend.services.signal.rss_fetcher - INFO - RssFetcher: hacker-news 获取到 20 条信号
2026-05-15 06:09:55,415 - httpx - INFO - HTTP Request: GET https://finance.yahoo.com/news/rssindex "HTTP/1.1 429 Too Many Requests"
2026-05-15 06:09:55,417 - backend.services.signal.rss_fetcher - WARNING - RssFetcher: yahoo-finance HTTP 429
2026-05-15 06:09:55,418 - __main__ - INFO - RSS 采集完成：共 20 条信号
2026-05-15 06:09:55,418 - __main__ - INFO - 
【Step 3】开始增量检测...
2026-05-15 06:09:55,457 - backend.services.signal.incremental - INFO - IncrementalDetector: zhihu 有 1 个事件下榜
2026-05-15 06:09:55,484 - backend.services.signal.incremental - INFO - IncrementalDetector: 检测完成 - 新上榜 0, 排名变化 0, 未变化 254
2026-05-15 06:09:55,484 - __main__ - INFO - 增量检测完成：新上榜 0 条，排名变化 0 条
2026-05-15 06:09:55,484 - __main__ - INFO - 
【Step 4】开始事件检测...
2026-05-15 06:09:55,574 - __main__ - ERROR - 信号采集失败：object list can't be used in 'await' expression
Traceback (most recent call last):
  File "/workspace/tests/run_signal_collection.py", line 113, in run_signal_collection
    events = await event_detector.cluster_events(signals)
             ^^^^^^^^^^^^^^^^^^^^^^^^^^^^^^^^^^^^^^^^^^^^
TypeError: object list can't be used in 'await' expression
2026-05-15 06:10:07,850 - __main__ - INFO - ============================================================
2026-05-15 06:10:07,850 - __main__ - INFO - T7 深度信号采集 - 手动运行
2026-05-15 06:10:07,850 - __main__ - INFO - 开始时间：2026-05-15T06:10:07.850573
2026-05-15 06:10:07,850 - __main__ - INFO - ============================================================
2026-05-15 06:10:08,232 - backend.services.llm_client - INFO - 模型配置加载完成: 2 个 provider, 11 个可用模型 (支持 .env 动态覆盖)
2026-05-15 06:10:08,274 - __main__ - INFO - 
【Step 1】开始热榜采集...
2026-05-15 06:10:08,717 - httpx - INFO - HTTP Request: GET https://newsnow.busiyi.world/api/s?id=weibo&latest= "HTTP/1.1 200 OK"
2026-05-15 06:10:08,831 - httpx - INFO - HTTP Request: GET https://newsnow.busiyi.world/api/s?id=baidu&latest= "HTTP/1.1 200 OK"
2026-05-15 06:10:09,099 - httpx - INFO - HTTP Request: GET https://newsnow.busiyi.world/api/s?id=bilibili-hot-search&latest= "HTTP/1.1 200 OK"
2026-05-15 06:10:09,105 - httpx - INFO - HTTP Request: GET https://newsnow.busiyi.world/api/s?id=douyin&latest= "HTTP/1.1 200 OK"
2026-05-15 06:10:09,140 - httpx - INFO - HTTP Request: GET https://newsnow.busiyi.world/api/s?id=zhihu&latest= "HTTP/1.1 200 OK"
2026-05-15 06:10:09,322 - httpx - INFO - HTTP Request: GET https://newsnow.busiyi.world/api/s?id=tieba&latest= "HTTP/1.1 200 OK"
2026-05-15 06:10:09,395 - httpx - INFO - HTTP Request: GET https://newsnow.busiyi.world/api/s?id=thepaper&latest= "HTTP/1.1 200 OK"
2026-05-15 06:10:09,522 - httpx - INFO - HTTP Request: GET https://newsnow.busiyi.world/api/s?id=toutiao&latest= "HTTP/1.1 200 OK"
2026-05-15 06:10:09,633 - httpx - INFO - HTTP Request: GET https://newsnow.busiyi.world/api/s?id=cls-hot&latest= "HTTP/1.1 200 OK"
2026-05-15 06:10:09,676 - httpx - INFO - HTTP Request: GET https://newsnow.busiyi.world/api/s?id=ifeng&latest= "HTTP/1.1 200 OK"
2026-05-15 06:10:09,768 - httpx - INFO - HTTP Request: GET https://newsnow.busiyi.world/api/s?id=wallstreetcn-hot&latest= "HTTP/1.1 200 OK"
2026-05-15 06:10:09,805 - httpx - INFO - HTTP Request: GET https://newsnow.busiyi.world/api/s?id=xiaohongshu&latest= "HTTP/1.1 500 Internal Server Error"
2026-05-15 06:10:09,805 - backend.services.signal.fetcher - WARNING - HotlistFetcher: xiaohongshu 返回HTTP 500 (attempt 1/3)
2026-05-15 06:10:09,805 - backend.services.signal.fetcher - INFO - HotlistFetcher: xiaohongshu 等待 3.8s 后重试
2026-05-15 06:10:09,970 - httpx - INFO - HTTP Request: GET https://newsnow.busiyi.world/api/s?id=kuaishou&latest= "HTTP/1.1 500 Internal Server Error"
2026-05-15 06:10:09,970 - backend.services.signal.fetcher - WARNING - HotlistFetcher: kuaishou 返回HTTP 500 (attempt 1/3)
2026-05-15 06:10:09,970 - backend.services.signal.fetcher - INFO - HotlistFetcher: kuaishou 等待 4.5s 后重试
2026-05-15 06:10:13,870 - httpx - INFO - HTTP Request: GET https://newsnow.busiyi.world/api/s?id=xiaohongshu&latest= "HTTP/1.1 500 Internal Server Error"
2026-05-15 06:10:13,871 - backend.services.signal.fetcher - WARNING - HotlistFetcher: xiaohongshu 返回HTTP 500 (attempt 2/3)
2026-05-15 06:10:13,871 - backend.services.signal.fetcher - INFO - HotlistFetcher: xiaohongshu 等待 4.7s 后重试
2026-05-15 06:10:14,989 - httpx - INFO - HTTP Request: GET https://newsnow.busiyi.world/api/s?id=kuaishou&latest= "HTTP/1.1 500 Internal Server Error"
2026-05-15 06:10:14,990 - backend.services.signal.fetcher - WARNING - HotlistFetcher: kuaishou 返回HTTP 500 (attempt 2/3)
2026-05-15 06:10:14,990 - backend.services.signal.fetcher - INFO - HotlistFetcher: kuaishou 等待 4.0s 后重试
2026-05-15 06:10:18,854 - httpx - INFO - HTTP Request: GET https://newsnow.busiyi.world/api/s?id=xiaohongshu&latest= "HTTP/1.1 500 Internal Server Error"
2026-05-15 06:10:18,854 - backend.services.signal.fetcher - WARNING - HotlistFetcher: xiaohongshu 返回HTTP 500 (attempt 3/3)
2026-05-15 06:10:19,246 - httpx - INFO - HTTP Request: GET https://newsnow.busiyi.world/api/s?id=kuaishou&latest= "HTTP/1.1 500 Internal Server Error"
2026-05-15 06:10:19,247 - backend.services.signal.fetcher - WARNING - HotlistFetcher: kuaishou 返回HTTP 500 (attempt 3/3)
2026-05-15 06:10:19,248 - backend.services.signal.fetcher - INFO - HotlistFetcher: weibo 获取到 30 条信号
2026-05-15 06:10:19,248 - backend.services.signal.fetcher - INFO - HotlistFetcher: baidu 获取到 30 条信号
2026-05-15 06:10:19,248 - backend.services.signal.fetcher - INFO - HotlistFetcher: zhihu 获取到 20 条信号
2026-05-15 06:10:19,248 - backend.services.signal.fetcher - INFO - HotlistFetcher: bilibili-hot-search 获取到 30 条信号
2026-05-15 06:10:19,248 - backend.services.signal.fetcher - INFO - HotlistFetcher: douyin 获取到 30 条信号
2026-05-15 06:10:19,248 - backend.services.signal.fetcher - INFO - HotlistFetcher: toutiao 获取到 30 条信号
2026-05-15 06:10:19,248 - backend.services.signal.fetcher - INFO - HotlistFetcher: tieba 获取到 29 条信号
2026-05-15 06:10:19,248 - backend.services.signal.fetcher - INFO - HotlistFetcher: thepaper 获取到 20 条信号
2026-05-15 06:10:19,248 - backend.services.signal.fetcher - INFO - HotlistFetcher: wallstreetcn-hot 获取到 10 条信号
2026-05-15 06:10:19,248 - backend.services.signal.fetcher - INFO - HotlistFetcher: cls-hot 获取到 13 条信号
2026-05-15 06:10:19,248 - backend.services.signal.fetcher - INFO - HotlistFetcher: ifeng 获取到 12 条信号
2026-05-15 06:10:19,248 - backend.services.signal.fetcher - INFO - HotlistFetcher: kuaishou 获取到 0 条信号
2026-05-15 06:10:19,248 - backend.services.signal.fetcher - INFO - HotlistFetcher: xiaohongshu 获取到 0 条信号
2026-05-15 06:10:19,248 - __main__ - INFO - 热榜采集完成：共 254 条信号
2026-05-15 06:10:19,248 - __main__ - INFO - 
【Step 2】开始 RSS 采集...
2026-05-15 06:10:20,601 - httpx - INFO - HTTP Request: GET https://hnrss.org/frontpage "HTTP/1.1 200 OK"
2026-05-15 06:10:20,644 - backend.services.signal.rss_fetcher - INFO - RssFetcher: hacker-news 获取到 20 条信号
2026-05-15 06:10:21,424 - httpx - INFO - HTTP Request: GET https://finance.yahoo.com/news/rssindex "HTTP/1.1 429 Too Many Requests"
2026-05-15 06:10:21,425 - backend.services.signal.rss_fetcher - WARNING - RssFetcher: yahoo-finance HTTP 429
2026-05-15 06:10:21,425 - __main__ - INFO - RSS 采集完成：共 20 条信号
2026-05-15 06:10:21,425 - __main__ - INFO - 
【Step 3】开始增量检测...
2026-05-15 06:10:21,471 - backend.services.signal.incremental - INFO - IncrementalDetector: zhihu 有 1 个事件下榜
2026-05-15 06:10:21,502 - backend.services.signal.incremental - INFO - IncrementalDetector: 检测完成 - 新上榜 0, 排名变化 0, 未变化 254
2026-05-15 06:10:21,502 - __main__ - INFO - 增量检测完成：新上榜 0 条，排名变化 0 条
2026-05-15 06:10:21,502 - __main__ - INFO - 
【Step 4】开始事件检测...
2026-05-15 06:10:21,593 - __main__ - INFO - 事件检测完成：检测到 189 个事件簇
2026-05-15 06:10:21,593 - __main__ - ERROR - 信号采集失败：'list' object has no attribute 'title'
Traceback (most recent call last):
  File "/workspace/tests/run_signal_collection.py", line 119, in run_signal_collection
    i, event.title, event.signal_strength, len(event.sources))
       ^^^^^^^^^^^
AttributeError: 'list' object has no attribute 'title'
2026-05-15 06:10:37,773 - __main__ - INFO - ============================================================
2026-05-15 06:10:37,773 - __main__ - INFO - T7 深度信号采集 - 手动运行
2026-05-15 06:10:37,773 - __main__ - INFO - 开始时间：2026-05-15T06:10:37.773373
2026-05-15 06:10:37,773 - __main__ - INFO - ============================================================
2026-05-15 06:10:38,170 - backend.services.llm_client - INFO - 模型配置加载完成: 2 个 provider, 11 个可用模型 (支持 .env 动态覆盖)
2026-05-15 06:10:38,205 - __main__ - INFO - 
【Step 1】开始热榜采集...
2026-05-15 06:10:38,752 - httpx - INFO - HTTP Request: GET https://newsnow.busiyi.world/api/s?id=baidu&latest= "HTTP/1.1 200 OK"
2026-05-15 06:10:38,828 - httpx - INFO - HTTP Request: GET https://newsnow.busiyi.world/api/s?id=zhihu&latest= "HTTP/1.1 200 OK"
2026-05-15 06:10:38,859 - httpx - INFO - HTTP Request: GET https://newsnow.busiyi.world/api/s?id=weibo&latest= "HTTP/1.1 200 OK"
2026-05-15 06:10:39,058 - httpx - INFO - HTTP Request: GET https://newsnow.busiyi.world/api/s?id=douyin&latest= "HTTP/1.1 200 OK"
2026-05-15 06:10:39,166 - httpx - INFO - HTTP Request: GET https://newsnow.busiyi.world/api/s?id=toutiao&latest= "HTTP/1.1 200 OK"
2026-05-15 06:10:39,178 - httpx - INFO - HTTP Request: GET https://newsnow.busiyi.world/api/s?id=bilibili-hot-search&latest= "HTTP/1.1 200 OK"
2026-05-15 06:10:39,326 - httpx - INFO - HTTP Request: GET https://newsnow.busiyi.world/api/s?id=thepaper&latest= "HTTP/1.1 200 OK"
2026-05-15 06:10:39,476 - httpx - INFO - HTTP Request: GET https://newsnow.busiyi.world/api/s?id=wallstreetcn-hot&latest= "HTTP/1.1 200 OK"
2026-05-15 06:10:39,487 - httpx - INFO - HTTP Request: GET https://newsnow.busiyi.world/api/s?id=tieba&latest= "HTTP/1.1 200 OK"
2026-05-15 06:10:39,572 - httpx - INFO - HTTP Request: GET https://newsnow.busiyi.world/api/s?id=ifeng&latest= "HTTP/1.1 200 OK"
2026-05-15 06:10:39,629 - httpx - INFO - HTTP Request: GET https://newsnow.busiyi.world/api/s?id=kuaishou&latest= "HTTP/1.1 500 Internal Server Error"
2026-05-15 06:10:39,629 - backend.services.signal.fetcher - WARNING - HotlistFetcher: kuaishou 返回HTTP 500 (attempt 1/3)
2026-05-15 06:10:39,629 - backend.services.signal.fetcher - INFO - HotlistFetcher: kuaishou 等待 4.3s 后重试
2026-05-15 06:10:40,029 - httpx - INFO - HTTP Request: GET https://newsnow.busiyi.world/api/s?id=xiaohongshu&latest= "HTTP/1.1 500 Internal Server Error"
2026-05-15 06:10:40,030 - backend.services.signal.fetcher - WARNING - HotlistFetcher: xiaohongshu 返回HTTP 500 (attempt 1/3)
2026-05-15 06:10:40,030 - backend.services.signal.fetcher - INFO - HotlistFetcher: xiaohongshu 等待 4.9s 后重试
2026-05-15 06:10:41,289 - httpx - INFO - HTTP Request: GET https://newsnow.busiyi.world/api/s?id=cls-hot&latest= "HTTP/1.1 200 OK"
2026-05-15 06:10:44,167 - httpx - INFO - HTTP Request: GET https://newsnow.busiyi.world/api/s?id=kuaishou&latest= "HTTP/1.1 500 Internal Server Error"
2026-05-15 06:10:44,168 - backend.services.signal.fetcher - WARNING - HotlistFetcher: kuaishou 返回HTTP 500 (attempt 2/3)
2026-05-15 06:10:44,168 - backend.services.signal.fetcher - INFO - HotlistFetcher: kuaishou 等待 3.2s 后重试
2026-05-15 06:10:45,234 - httpx - INFO - HTTP Request: GET https://newsnow.busiyi.world/api/s?id=xiaohongshu&latest= "HTTP/1.1 500 Internal Server Error"
2026-05-15 06:10:45,235 - backend.services.signal.fetcher - WARNING - HotlistFetcher: xiaohongshu 返回HTTP 500 (attempt 2/3)
2026-05-15 06:10:45,235 - backend.services.signal.fetcher - INFO - HotlistFetcher: xiaohongshu 等待 4.0s 后重试
2026-05-15 06:10:47,868 - httpx - INFO - HTTP Request: GET https://newsnow.busiyi.world/api/s?id=kuaishou&latest= "HTTP/1.1 500 Internal Server Error"
2026-05-15 06:10:47,869 - backend.services.signal.fetcher - WARNING - HotlistFetcher: kuaishou 返回HTTP 500 (attempt 3/3)
2026-05-15 06:10:49,472 - httpx - INFO - HTTP Request: GET https://newsnow.busiyi.world/api/s?id=xiaohongshu&latest= "HTTP/1.1 500 Internal Server Error"
2026-05-15 06:10:49,472 - backend.services.signal.fetcher - WARNING - HotlistFetcher: xiaohongshu 返回HTTP 500 (attempt 3/3)
2026-05-15 06:10:49,473 - backend.services.signal.fetcher - INFO - HotlistFetcher: weibo 获取到 30 条信号
2026-05-15 06:10:49,473 - backend.services.signal.fetcher - INFO - HotlistFetcher: baidu 获取到 30 条信号
2026-05-15 06:10:49,473 - backend.services.signal.fetcher - INFO - HotlistFetcher: zhihu 获取到 20 条信号
2026-05-15 06:10:49,473 - backend.services.signal.fetcher - INFO - HotlistFetcher: bilibili-hot-search 获取到 30 条信号
2026-05-15 06:10:49,473 - backend.services.signal.fetcher - INFO - HotlistFetcher: douyin 获取到 30 条信号
2026-05-15 06:10:49,473 - backend.services.signal.fetcher - INFO - HotlistFetcher: toutiao 获取到 30 条信号
2026-05-15 06:10:49,473 - backend.services.signal.fetcher - INFO - HotlistFetcher: tieba 获取到 29 条信号
2026-05-15 06:10:49,473 - backend.services.signal.fetcher - INFO - HotlistFetcher: thepaper 获取到 20 条信号
2026-05-15 06:10:49,473 - backend.services.signal.fetcher - INFO - HotlistFetcher: wallstreetcn-hot 获取到 10 条信号
2026-05-15 06:10:49,473 - backend.services.signal.fetcher - INFO - HotlistFetcher: cls-hot 获取到 13 条信号
2026-05-15 06:10:49,473 - backend.services.signal.fetcher - INFO - HotlistFetcher: ifeng 获取到 12 条信号
2026-05-15 06:10:49,473 - backend.services.signal.fetcher - INFO - HotlistFetcher: kuaishou 获取到 0 条信号
2026-05-15 06:10:49,473 - backend.services.signal.fetcher - INFO - HotlistFetcher: xiaohongshu 获取到 0 条信号
2026-05-15 06:10:49,473 - __main__ - INFO - 热榜采集完成：共 254 条信号
2026-05-15 06:10:49,473 - __main__ - INFO - 
【Step 2】开始 RSS 采集...
2026-05-15 06:10:50,797 - httpx - INFO - HTTP Request: GET https://hnrss.org/frontpage "HTTP/1.1 200 OK"
2026-05-15 06:10:50,839 - backend.services.signal.rss_fetcher - INFO - RssFetcher: hacker-news 获取到 20 条信号
2026-05-15 06:10:51,553 - httpx - INFO - HTTP Request: GET https://finance.yahoo.com/news/rssindex "HTTP/1.1 429 Too Many Requests"
2026-05-15 06:10:51,554 - backend.services.signal.rss_fetcher - WARNING - RssFetcher: yahoo-finance HTTP 429
2026-05-15 06:10:51,554 - __main__ - INFO - RSS 采集完成：共 20 条信号
2026-05-15 06:10:51,555 - __main__ - INFO - 
【Step 3】开始增量检测...
2026-05-15 06:10:51,598 - backend.services.signal.incremental - INFO - IncrementalDetector: weibo 有 4 个事件下榜
2026-05-15 06:10:51,601 - backend.services.signal.incremental - INFO - IncrementalDetector: baidu 有 4 个事件下榜
2026-05-15 06:10:51,603 - backend.services.signal.incremental - INFO - IncrementalDetector: zhihu 有 1 个事件下榜
2026-05-15 06:10:51,608 - backend.services.signal.incremental - INFO - IncrementalDetector: douyin 有 2 个事件下榜
2026-05-15 06:10:51,611 - backend.services.signal.incremental - INFO - IncrementalDetector: toutiao 有 5 个事件下榜
2026-05-15 06:10:51,643 - backend.services.signal.incremental - INFO - IncrementalDetector: 检测完成 - 新上榜 15, 排名变化 42, 未变化 197
2026-05-15 06:10:51,643 - __main__ - INFO - 增量检测完成：新上榜 15 条，排名变化 42 条
2026-05-15 06:10:51,643 - __main__ - INFO - 
【Step 4】开始事件检测...
2026-05-15 06:10:51,733 - __main__ - INFO - 事件检测完成：检测到 188 个事件簇
2026-05-15 06:10:51,733 - __main__ - INFO -   事件1: 三甲医院“违规开具”死亡证明：61岁患癌男子死亡地点存争议 (强度：0.00, 平台数：1)
2026-05-15 06:10:51,733 - __main__ - INFO -   事件2: 外媒主播在北京公园跟老大爷打乒乓球，惊叹直呼“NO” (强度：0.00, 平台数：1)
2026-05-15 06:10:51,733 - __main__ - INFO -   事件3: 印度暴风雨致89人死亡，一男子被刮上天 (强度：0.00, 平台数：1)
2026-05-15 06:10:51,733 - __main__ - INFO -   事件4: 印尼也出现这种恶劣事件，日本使馆警告本国公民 (强度：0.00, 平台数：1)
2026-05-15 06:10:51,733 - __main__ - INFO -   事件5: 祸心毕露，高市急推“紧急事态条款”打的什么算盘？ (强度：0.00, 平台数：1)
2026-05-15 06:10:51,733 - __main__ - INFO - 无近期信号，跳过事件检测
2026-05-15 06:10:51,733 - __main__ - INFO - 
============================================================
2026-05-15 06:10:51,734 - __main__ - INFO - 【采集统计摘要】
2026-05-15 06:10:51,734 - __main__ - INFO -   - 热榜信号：254 条
2026-05-15 06:10:51,734 - __main__ - INFO -   - RSS 信号：20 条
2026-05-15 06:10:51,734 - __main__ - INFO -   - 增量信号：新上榜 15 条，排名变化 42 条
2026-05-15 06:10:51,734 - __main__ - INFO -   - 事件簇数：188 个
2026-05-15 06:10:51,734 - __main__ - INFO - 结束时间：2026-05-15T06:10:51.734195
2026-05-15 06:10:51,734 - __main__ - INFO - ============================================================
